Archive member included because of file (symbol)

c:/program files (x86)/atmel/atmel toolchain/avr8 gcc/native/3.4.2.1002/avr8-gnu-toolchain/bin/../lib/gcc/avr/4.7.2/avr6\libgcc.a(_udivmodsi4.o)
                              stack/hal/drivers/atmega256rfr2/halUart.o (__udivmodsi4)
c:/program files (x86)/atmel/atmel toolchain/avr8 gcc/native/3.4.2.1002/avr8-gnu-toolchain/bin/../lib/gcc/avr/4.7.2/avr6\libgcc.a(_exit.o)
                              c:/program files (x86)/atmel/atmel toolchain/avr8 gcc/native/3.4.2.1002/avr8-gnu-toolchain/bin/../lib/gcc/avr/4.7.2/../../../../avr/lib/avr6/crtm256rfr2.o (exit)
c:/program files (x86)/atmel/atmel toolchain/avr8 gcc/native/3.4.2.1002/avr8-gnu-toolchain/bin/../lib/gcc/avr/4.7.2/avr6\libgcc.a(_copy_data.o)
                              stack/nwk/src/nwk.o (__do_copy_data)
c:/program files (x86)/atmel/atmel toolchain/avr8 gcc/native/3.4.2.1002/avr8-gnu-toolchain/bin/../lib/gcc/avr/4.7.2/avr6\libgcc.a(_clear_bss.o)
                              stack/hal/atmega256rfr2/src/halTimer.o (__do_clear_bss)
c:/program files (x86)/atmel/atmel toolchain/avr8 gcc/native/3.4.2.1002/avr8-gnu-toolchain/bin/../lib/gcc/avr/4.7.2/avr6\libgcc.a(_umulhisi3.o)
                              stack/sys/src/sysTimer.o (__umulhisi3)
c:/program files (x86)/atmel/atmel toolchain/avr8 gcc/native/3.4.2.1002/avr8-gnu-toolchain/bin/../lib/gcc/avr/4.7.2/../../../../avr/lib/avr6\libc.a(rand.o)
                              stack/nwk/src/nwkTx.o (rand)
c:/program files (x86)/atmel/atmel toolchain/avr8 gcc/native/3.4.2.1002/avr8-gnu-toolchain/bin/../lib/gcc/avr/4.7.2/../../../../avr/lib/avr6\libc.a(memcpy.o)
                              stack/nwk/src/nwkDataReq.o (memcpy)
c:/program files (x86)/atmel/atmel toolchain/avr8 gcc/native/3.4.2.1002/avr8-gnu-toolchain/bin/../lib/gcc/avr/4.7.2/avr6\libgcc.a(_divmodsi4.o)
                              c:/program files (x86)/atmel/atmel toolchain/avr8 gcc/native/3.4.2.1002/avr8-gnu-toolchain/bin/../lib/gcc/avr/4.7.2/../../../../avr/lib/avr6\libc.a(rand.o) (__divmodsi4)
c:/program files (x86)/atmel/atmel toolchain/avr8 gcc/native/3.4.2.1002/avr8-gnu-toolchain/bin/../lib/gcc/avr/4.7.2/avr6\libgcc.a(_muluhisi3.o)
                              c:/program files (x86)/atmel/atmel toolchain/avr8 gcc/native/3.4.2.1002/avr8-gnu-toolchain/bin/../lib/gcc/avr/4.7.2/../../../../avr/lib/avr6\libc.a(rand.o) (__muluhisi3)
c:/program files (x86)/atmel/atmel toolchain/avr8 gcc/native/3.4.2.1002/avr8-gnu-toolchain/bin/../lib/gcc/avr/4.7.2/avr6\libgcc.a(_mulshisi3.o)
                              c:/program files (x86)/atmel/atmel toolchain/avr8 gcc/native/3.4.2.1002/avr8-gnu-toolchain/bin/../lib/gcc/avr/4.7.2/../../../../avr/lib/avr6\libc.a(rand.o) (__mulohisi3)

Allocating common symbols
Common symbol       size              file

nwkIb               0x26              stack/nwk/src/nwk.o
halTimerIrqCount    0x1               stack/hal/atmega256rfr2/src/halTimer.o

Discarded input sections

 .bss           0x00000000        0x0 c:/program files (x86)/atmel/atmel toolchain/avr8 gcc/native/3.4.2.1002/avr8-gnu-toolchain/bin/../lib/gcc/avr/4.7.2/../../../../avr/lib/avr6/crtm256rfr2.o
 .group         0x00000000        0x8 stack/hal/atmega256rfr2/src/hal.o
 .group         0x00000000        0x8 stack/hal/atmega256rfr2/src/hal.o
 .group         0x00000000        0x8 stack/hal/atmega256rfr2/src/hal.o
 .group         0x00000000        0x8 stack/hal/atmega256rfr2/src/hal.o
 .group         0x00000000        0x8 stack/hal/atmega256rfr2/src/hal.o
 .group         0x00000000        0x8 stack/hal/atmega256rfr2/src/hal.o
 .group         0x00000000        0x8 stack/hal/atmega256rfr2/src/hal.o
 .group         0x00000000        0x8 stack/hal/atmega256rfr2/src/hal.o
 .group         0x00000000        0x8 stack/hal/atmega256rfr2/src/hal.o
 .group         0x00000000        0x8 stack/hal/atmega256rfr2/src/hal.o
 .group         0x00000000        0x8 stack/hal/atmega256rfr2/src/hal.o
 .group         0x00000000        0x8 stack/hal/atmega256rfr2/src/hal.o
 .group         0x00000000        0x8 stack/hal/atmega256rfr2/src/hal.o
 .group         0x00000000        0x8 stack/hal/atmega256rfr2/src/hal.o
 .group         0x00000000        0x8 stack/hal/atmega256rfr2/src/hal.o
 .group         0x00000000        0x8 stack/hal/atmega256rfr2/src/hal.o
 .group         0x00000000        0x8 stack/hal/atmega256rfr2/src/hal.o
 .group         0x00000000        0x8 stack/hal/atmega256rfr2/src/hal.o
 .group         0x00000000        0x8 stack/hal/atmega256rfr2/src/hal.o
 .text          0x00000000        0x0 stack/hal/atmega256rfr2/src/hal.o
 .bss           0x00000000        0x0 stack/hal/atmega256rfr2/src/hal.o
 .text.HAL_Delay
                0x00000000        0x6 stack/hal/atmega256rfr2/src/hal.o
 .group         0x00000000        0x8 stack/hal/atmega256rfr2/src/halTimer.o
 .group         0x00000000        0x8 stack/hal/atmega256rfr2/src/halTimer.o
[...]
Memory Configuration

Name             Origin             Length             Attributes
text             0x00000000         0x00100000         xr
data             0x00800200         0x0000fe00         rw !x
eeprom           0x00810000         0x00010000         rw !x
fuse             0x00820000         0x00000400         rw !x
lock             0x00830000         0x00000400         rw !x
signature        0x00840000         0x00000400         rw !x
user_signatures  0x00850000         0x00000400         rw !x
*default*        0x00000000         0xffffffff

Linker script and memory map

Address of section .data set to 0x800200
LOAD c:/program files (x86)/atmel/atmel toolchain/avr8 gcc/native/3.4.2.1002/avr8-gnu-toolchain/bin/../lib/gcc/avr/4.7.2/../../../../avr/lib/avr6/crtm256rfr2.o
LOAD stack/hal/atmega256rfr2/src/hal.o
LOAD stack/hal/atmega256rfr2/src/halTimer.o
LOAD stack/phy/atmega256rfr2/src/phy.o
LOAD stack/nwk/src/nwk.o
LOAD stack/nwk/src/nwkDataReq.o
LOAD stack/nwk/src/nwkSecurity.o
LOAD stack/nwk/src/nwkFrame.o
LOAD stack/nwk/src/nwkGroup.o
LOAD stack/nwk/src/nwkRoute.o
LOAD stack/nwk/src/nwkRouteDiscovery.o
LOAD stack/nwk/src/nwkRx.o
LOAD stack/nwk/src/nwkTx.o
LOAD stack/sys/src/sys.o
LOAD stack/sys/src/sysTimer.o
LOAD stack/sys/src/sysEncrypt.o
LOAD stack/hal/drivers/atmega256rfr2/halUart.o
LOAD Peer2Peer.o
START GROUP
END GROUP
LOAD c:/program files (x86)/atmel/atmel toolchain/avr8 gcc/native/3.4.2.1002/avr8-gnu-toolchain/bin/../lib/gcc/avr/4.7.2/avr6\libgcc.a
LOAD c:/program files (x86)/atmel/atmel toolchain/avr8 gcc/native/3.4.2.1002/avr8-gnu-toolchain/bin/../lib/gcc/avr/4.7.2/../../../../avr/lib/avr6\libc.a
LOAD c:/program files (x86)/atmel/atmel toolchain/avr8 gcc/native/3.4.2.1002/avr8-gnu-toolchain/bin/../lib/gcc/avr/4.7.2/avr6\libgcc.a

.hash
 *(.hash)

.dynsym
 *(.dynsym)

.dynstr
 *(.dynstr)

.gnu.version
 *(.gnu.version)

.gnu.version_d
 *(.gnu.version_d)

.gnu.version_r
 *(.gnu.version_r)

.rel.init
 *(.rel.init)

.rela.init
 *(.rela.init)

.rel.text
 *(.rel.text)
 *(.rel.text.*)
 *(.rel.gnu.linkonce.t*)

.rela.text
 *(.rela.text)
 *(.rela.text.*)
 *(.rela.gnu.linkonce.t*)

.rel.fini
 *(.rel.fini)

.rela.fini
 *(.rela.fini)

.rel.rodata
 *(.rel.rodata)
 *(.rel.rodata.*)
 *(.rel.gnu.linkonce.r*)

.rela.rodata
 *(.rela.rodata)
 *(.rela.rodata.*)
 *(.rela.gnu.linkonce.r*)

.rel.data
 *(.rel.data)
 *(.rel.data.*)
 *(.rel.gnu.linkonce.d*)

.rela.data
 *(.rela.data)
 *(.rela.data.*)
 *(.rela.gnu.linkonce.d*)

.rel.ctors
 *(.rel.ctors)

.rela.ctors
 *(.rela.ctors)

.rel.dtors
 *(.rel.dtors)

.rela.dtors
 *(.rela.dtors)

.rel.got
 *(.rel.got)

.rela.got
 *(.rela.got)

.rel.bss
 *(.rel.bss)

.rela.bss
 *(.rela.bss)

.rel.plt
 *(.rel.plt)

.rela.plt
 *(.rela.plt)

.text           0x00000000     0x1c64
 *(.vectors)
 .vectors       0x00000000      0x134 c:/program files (x86)/atmel/atmel toolchain/avr8 gcc/native/3.4.2.1002/avr8-gnu-toolchain/bin/../lib/gcc/avr/4.7.2/../../../../avr/lib/avr6/crtm256rfr2.o
                0x00000000                __vector_default
                0x00000000                __vectors
 *(.vectors)
 *(.progmem.gcc*)
 *(.progmem*)
                0x00000134                . = ALIGN (0x2)
                0x00000134                __trampolines_start = .
 *(.trampolines)
 .trampolines   0x00000134       0x24 linker stubs
 *(.trampolines*)
                0x00000158                __trampolines_end = .
 *(.jumptables)
 *(.jumptables*)
 *(.lowtext)
 *(.lowtext*)
                0x00000158                __ctors_start = .
 *(.ctors)
                0x00000158                __ctors_end = .
                0x00000158                __dtors_start = .
 *(.dtors)
                0x00000158                __dtors_end = .
 SORT(*)(.ctors)
 SORT(*)(.dtors)
 *(.init0)
 .init0         0x00000158        0x0 c:/program files (x86)/atmel/atmel toolchain/avr8 gcc/native/3.4.2.1002/avr8-gnu-toolchain/bin/../lib/gcc/avr/4.7.2/../../../../avr/lib/avr6/crtm256rfr2.o
                0x00000158                __init
 *(.init0)
 *(.init1)
 *(.init1)
 *(.init2)
 .init2         0x00000158       0x10 c:/program files (x86)/atmel/atmel toolchain/avr8 gcc/native/3.4.2.1002/avr8-gnu-toolchain/bin/../lib/gcc/avr/4.7.2/../../../../avr/lib/avr6/crtm256rfr2.o
 *(.init2)
 *(.init3)
 *(.init3)
 *(.init4)
 .init4         0x00000168       0x1a c:/program files (x86)/atmel/atmel toolchain/avr8 gcc/native/3.4.2.1002/avr8-gnu-toolchain/bin/../lib/gcc/avr/4.7.2/avr6\libgcc.a(_copy_data.o)
                0x00000168                __do_copy_data
 .init4         0x00000182       0x10 c:/program files (x86)/atmel/atmel toolchain/avr8 gcc/native/3.4.2.1002/avr8-gnu-toolchain/bin/../lib/gcc/avr/4.7.2/avr6\libgcc.a(_clear_bss.o)
                0x00000182                __do_clear_bss
 *(.init4)
 *(.init5)
 *(.init5)
 *(.init6)
 *(.init6)
 *(.init7)
 *(.init7)
 *(.init8)
 *(.init8)
 *(.init9)
 .init9         0x00000192        0x8 c:/program files (x86)/atmel/atmel toolchain/avr8 gcc/native/3.4.2.1002/avr8-gnu-toolchain/bin/../lib/gcc/avr/4.7.2/../../../../avr/lib/avr6/crtm256rfr2.o
 *(.init9)
 *(.text)
 .text          0x0000019a        0x4 c:/program files (x86)/atmel/atmel toolchain/avr8 gcc/native/3.4.2.1002/avr8-gnu-toolchain/bin/../lib/gcc/avr/4.7.2/../../../../avr/lib/avr6/crtm256rfr2.o
                0x0000019a                __vector_38
                0x0000019a                __vector_22
                0x0000019a                __vector_28
                0x0000019a                __vector_67
                0x0000019a                __vector_1
                0x0000019a                __vector_32
                0x0000019a                __vector_75
                0x0000019a                __vector_71
                0x0000019a                __vector_34
                0x0000019a                __vector_62
                0x0000019a                __vector_24
                0x0000019a                __vector_12
                0x0000019a                __vector_55
                0x0000019a                __vector_69
                0x0000019a                __vector_46
                0x0000019a                __bad_interrupt
                0x0000019a                __vector_72
                0x0000019a                __vector_6
                0x0000019a                __vector_31
                0x0000019a                __vector_35
                0x0000019a                __vector_74
                0x0000019a                __vector_39
                0x0000019a                __vector_3
                0x0000019a                __vector_23
                0x0000019a                __vector_68
                0x0000019a                __vector_30
                0x0000019a                __vector_73
                0x0000019a                __vector_45
                0x0000019a                __vector_25
                0x0000019a                __vector_61
                0x0000019a                __vector_11
                0x0000019a                __vector_54
                0x0000019a                __vector_13
                0x0000019a                __vector_17
                0x0000019a                __vector_19
                0x0000019a                __vector_56
                0x0000019a                __vector_7
                0x0000019a                __vector_49
                0x0000019a                __vector_41
                0x0000019a                __vector_64
                0x0000019a                __vector_27
                0x0000019a                __vector_5
                0x0000019a                __vector_33
                0x0000019a                __vector_76
                0x0000019a                __vector_47
                0x0000019a                __vector_52
                0x0000019a                __vector_4
                0x0000019a                __vector_44
                0x0000019a                __vector_51
                0x0000019a                __vector_9
                0x0000019a                __vector_2
                0x0000019a                __vector_21
                0x0000019a                __vector_15
                0x0000019a                __vector_66
                0x0000019a                __vector_58
                0x0000019a                __vector_70
                0x0000019a                __vector_29
                0x0000019a                __vector_40
                0x0000019a                __vector_8
                0x0000019a                __vector_26
                0x0000019a                __vector_48
                0x0000019a                __vector_14
                0x0000019a                __vector_57
                0x0000019a                __vector_53
                0x0000019a                __vector_10
                0x0000019a                __vector_50
                0x0000019a                __vector_16
                0x0000019a                __vector_59
                0x0000019a                __vector_18
                0x0000019a                __vector_20
                0x0000019a                __vector_65
                0x0000019e                . = ALIGN (0x2)
 *(.text.*)
 .text.HAL_Init
                0x0000019e       0x26 stack/hal/atmega256rfr2/src/hal.o
                0x0000019e                HAL_Init
 .text.HAL_TimerInit
                0x000001c4       0x2a stack/hal/atmega256rfr2/src/halTimer.o
                0x000001c4                HAL_TimerInit
 .text.__vector_42
                0x000001ee       0x22 stack/hal/atmega256rfr2/src/halTimer.o
                0x000001ee                __vector_42
 .text.__vector_43
                0x00000210       0x1e stack/hal/atmega256rfr2/src/halTimer.o
                0x00000210                __vector_43
 .text.phyTrxSetState
                0x0000022e       0x20 stack/phy/atmega256rfr2/src/phy.o
 .text.phySetRxState
                0x0000024e       0x12 stack/phy/atmega256rfr2/src/phy.o
 .text.PHY_Init
                0x00000260       0x5e stack/phy/atmega256rfr2/src/phy.o
                0x00000260                PHY_Init
 .text.PHY_SetRxState
                0x000002be       0x10 stack/phy/atmega256rfr2/src/phy.o
                0x000002be                PHY_SetRxState
 .text.PHY_SetChannel
                0x000002ce       0x10 stack/phy/atmega256rfr2/src/phy.o
                0x000002ce                PHY_SetChannel
 .text.PHY_SetPanId
                0x000002de       0x14 stack/phy/atmega256rfr2/src/phy.o
                0x000002de                PHY_SetPanId
 .text.PHY_SetShortAddr
                0x000002f2       0x14 stack/phy/atmega256rfr2/src/phy.o
                0x000002f2                PHY_SetShortAddr
 .text.PHY_Busy
                0x00000306       0x22 stack/phy/atmega256rfr2/src/phy.o
                0x00000306                PHY_Busy
 .text.PHY_DataReq
                0x00000328       0x54 stack/phy/atmega256rfr2/src/phy.o
                0x00000328                PHY_DataReq
 .text.__vector_63
                0x0000037c       0x3c stack/phy/atmega256rfr2/src/phy.o
                0x0000037c                __vector_63
 .text.__vector_60
                0x000003b8       0x34 stack/phy/atmega256rfr2/src/phy.o
                0x000003b8                __vector_60
 .text.PHY_TaskHandler
                0x000003ec      0x14e stack/phy/atmega256rfr2/src/phy.o
                0x000003ec                PHY_TaskHandler
 .text.NWK_Init
                0x0000053a       0x34 stack/nwk/src/nwk.o
                0x0000053a                NWK_Init
 .text.NWK_SetAddr
                0x0000056e        0xc stack/nwk/src/nwk.o
                0x0000056e                NWK_SetAddr
 .text.NWK_SetPanId
                0x0000057a        0xc stack/nwk/src/nwk.o
                0x0000057a                NWK_SetPanId
 .text.NWK_OpenEndpoint
                0x00000586       0x12 stack/nwk/src/nwk.o
                0x00000586                NWK_OpenEndpoint
 .text.NWK_TaskHandler
                0x00000598        0xc stack/nwk/src/nwk.o
                0x00000598                NWK_TaskHandler
 .text.nwkDataReqTxConf
                0x000005a4       0x3c stack/nwk/src/nwkDataReq.o
 .text.nwkDataReqInit
                0x000005e0        0xa stack/nwk/src/nwkDataReq.o
                0x000005e0                nwkDataReqInit
 .text.NWK_DataReq
                0x000005ea       0x2a stack/nwk/src/nwkDataReq.o
                0x000005ea                NWK_DataReq
 .text.nwkDataReqTaskHandler
                0x00000614      0x126 stack/nwk/src/nwkDataReq.o
                0x00000614                nwkDataReqTaskHandler
 .text.nwkFrameInit
                0x0000073a        0xe stack/nwk/src/nwkFrame.o
                0x0000073a                nwkFrameInit
 .text.nwkFrameAlloc
                0x00000748       0x5e stack/nwk/src/nwkFrame.o
                0x00000748                nwkFrameAlloc
 .text.nwkFrameFree
                0x000007a6        0x6 stack/nwk/src/nwkFrame.o
                0x000007a6                nwkFrameFree
 .text.nwkFrameNext
                0x000007ac       0x2e stack/nwk/src/nwkFrame.o
                0x000007ac                nwkFrameNext
 .text.nwkFrameCommandInit
                0x000007da       0x24 stack/nwk/src/nwkFrame.o
                0x000007da                nwkFrameCommandInit
 .text.nwkRouteInit
                0x000007fe       0x38 stack/nwk/src/nwkRoute.o
                0x000007fe                nwkRouteInit
 .text.NWK_RouteFindEntry
                0x00000836       0x52 stack/nwk/src/nwkRoute.o
                0x00000836                NWK_RouteFindEntry
 .text.NWK_RouteNewEntry
                0x00000888       0x44 stack/nwk/src/nwkRoute.o
                0x00000888                NWK_RouteNewEntry
 .text.NWK_RouteFreeEntry
                0x000008cc       0x14 stack/nwk/src/nwkRoute.o
                0x000008cc                NWK_RouteFreeEntry
 .text.NWK_RouteNextHop
                0x000008e0       0x18 stack/nwk/src/nwkRoute.o
                0x000008e0                NWK_RouteNextHop
 .text.nwkRouteRemove
                0x000008f8        0xe stack/nwk/src/nwkRoute.o
                0x000008f8                nwkRouteRemove
 .text.nwkRouteFrameReceived
                0x00000906       0xaa stack/nwk/src/nwkRoute.o
                0x00000906                nwkRouteFrameReceived
 .text.nwkRouteFrameSent
                0x000009b0       0x86 stack/nwk/src/nwkRoute.o
                0x000009b0                nwkRouteFrameSent
 .text.nwkRoutePrepareTx
                0x00000a36       0x2e stack/nwk/src/nwkRoute.o
                0x00000a36                nwkRoutePrepareTx
 .text.nwkRouteFrame
                0x00000a64       0xba stack/nwk/src/nwkRoute.o
                0x00000a64                nwkRouteFrame
 .text.nwkRouteErrorReceived
                0x00000b1e       0x14 stack/nwk/src/nwkRoute.o
                0x00000b1e                nwkRouteErrorReceived
 .text.nwkRxDuplicateRejectionTimerHandler
                0x00000b32       0x24 stack/nwk/src/nwkRx.o
 .text.nwkRxSeriveDataInd
                0x00000b56       0x28 stack/nwk/src/nwkRx.o
 .text.nwkRxInit
                0x00000b7e       0x42 stack/nwk/src/nwkRx.o
                0x00000b7e                nwkRxInit
 .text.PHY_DataInd
                0x00000bc0       0x62 stack/nwk/src/nwkRx.o
                0x00000bc0                PHY_DataInd
 .text.nwkRxTaskHandler
                0x00000c22      0x400 stack/nwk/src/nwkRx.o
                0x00000c22                nwkRxTaskHandler
 .text.nwkTxDelayTimerHandler
                0x00001022       0x5e stack/nwk/src/nwkTx.o
 .text.nwkTxAckWaitTimerHandler
                0x00001080       0x70 stack/nwk/src/nwkTx.o
 .text.nwkTxInit
                0x000010f0       0x5a stack/nwk/src/nwkTx.o
                0x000010f0                nwkTxInit
 .text.nwkTxFrame
                0x0000114a       0xa8 stack/nwk/src/nwkTx.o
                0x0000114a                nwkTxFrame
 .text.nwkTxBroadcastFrame
                0x000011f2       0x98 stack/nwk/src/nwkTx.o
                0x000011f2                nwkTxBroadcastFrame
 .text.nwkTxAckReceived
                0x0000128a       0x3c stack/nwk/src/nwkTx.o
                0x0000128a                nwkTxAckReceived
 .text.PHY_DataConf
                0x000012c6       0x38 stack/nwk/src/nwkTx.o
                0x000012c6                PHY_DataConf
 .text.nwkTxTaskHandler
                0x000012fe      0x104 stack/nwk/src/nwkTx.o
                0x000012fe                nwkTxTaskHandler
 .text.SYS_Init
                0x00001402       0x10 stack/sys/src/sys.o
                0x00001402                SYS_Init
 .text.SYS_TaskHandler
                0x00001412        0xc stack/sys/src/sys.o
                0x00001412                SYS_TaskHandler
 .text.placeTimer
                0x0000141e       0xb0 stack/sys/src/sysTimer.o
 .text.SYS_TimerInit
                0x000014ce        0xa stack/sys/src/sysTimer.o
                0x000014ce                SYS_TimerInit
 .text.SYS_TimerStop
                0x000014d8       0x70 stack/sys/src/sysTimer.o
                0x000014d8                SYS_TimerStop
 .text.SYS_TimerStarted
                0x00001548       0x22 stack/sys/src/sysTimer.o
                0x00001548                SYS_TimerStarted
 .text.SYS_TimerStart
                0x0000156a       0x1e stack/sys/src/sysTimer.o
                0x0000156a                SYS_TimerStart
 .text.SYS_TimerTaskHandler
                0x00001588       0x96 stack/sys/src/sysTimer.o
                0x00001588                SYS_TimerTaskHandler
 .text.HAL_UartInit
                0x0000161e       0xae stack/hal/drivers/atmega256rfr2/halUart.o
                0x0000161e                HAL_UartInit
 .text.HAL_UartWriteByte
                0x000016cc       0x56 stack/hal/drivers/atmega256rfr2/halUart.o
                0x000016cc                HAL_UartWriteByte
 .text.HAL_UartReadByte
                0x00001722       0x5c stack/hal/drivers/atmega256rfr2/halUart.o
                0x00001722                HAL_UartReadByte
 .text.__vector_37
                0x0000177e       0x38 stack/hal/drivers/atmega256rfr2/halUart.o
                0x0000177e                __vector_37
 .text.__vector_36
                0x000017b6       0xb0 stack/hal/drivers/atmega256rfr2/halUart.o
                0x000017b6                __vector_36
 .text.HAL_UartTaskHandler
                0x00001866       0x8c stack/hal/drivers/atmega256rfr2/halUart.o
                0x00001866                HAL_UartTaskHandler
 .text.appDataConf
                0x000018f2        0x6 Peer2Peer.o
 .text.hrtbtTimerHandler
                0x000018f8        0xa Peer2Peer.o
 .text.appDataInd
                0x00001902       0x2c Peer2Peer.o
 .text.appSendData.part.0
                0x0000192e       0x72 Peer2Peer.o
 .text.appTimerHandler
                0x000019a0        0xe Peer2Peer.o
 .text.HAL_UartBytesReceived
                0x000019ae       0x6a Peer2Peer.o
                0x000019ae                HAL_UartBytesReceived
 .text.startup.main
                0x00001a18       0xbe Peer2Peer.o
                0x00001a18                main
 .text.libgcc.div
                0x00001ad6       0x44 c:/program files (x86)/atmel/atmel toolchain/avr8 gcc/native/3.4.2.1002/avr8-gnu-toolchain/bin/../lib/gcc/avr/4.7.2/avr6\libgcc.a(_udivmodsi4.o)
                0x00001ad6                __udivmodsi4
 .text.libgcc.mul
                0x00001b1a       0x18 c:/program files (x86)/atmel/atmel toolchain/avr8 gcc/native/3.4.2.1002/avr8-gnu-toolchain/bin/../lib/gcc/avr/4.7.2/avr6\libgcc.a(_umulhisi3.o)
                0x00001b1a                __umulhisi3
 .text.avr-libc
                0x00001b32       0xbe c:/program files (x86)/atmel/atmel toolchain/avr8 gcc/native/3.4.2.1002/avr8-gnu-toolchain/bin/../lib/gcc/avr/4.7.2/../../../../avr/lib/avr6\libc.a(rand.o)
                0x00001bce                rand_r
                0x00001bd2                rand
                0x00001bda                srand
 .text.avr-libc
                0x00001bf0       0x12 c:/program files (x86)/atmel/atmel toolchain/avr8 gcc/native/3.4.2.1002/avr8-gnu-toolchain/bin/../lib/gcc/avr/4.7.2/../../../../avr/lib/avr6\libc.a(memcpy.o)
                0x00001bf0                memcpy
 .text.libgcc.div
                0x00001c02       0x38 c:/program files (x86)/atmel/atmel toolchain/avr8 gcc/native/3.4.2.1002/avr8-gnu-toolchain/bin/../lib/gcc/avr/4.7.2/avr6\libgcc.a(_divmodsi4.o)
                0x00001c02                __divmodsi4
 .text.libgcc.mul
                0x00001c3a       0x16 c:/program files (x86)/atmel/atmel toolchain/avr8 gcc/native/3.4.2.1002/avr8-gnu-toolchain/bin/../lib/gcc/avr/4.7.2/avr6\libgcc.a(_muluhisi3.o)
                0x00001c3a                __muluhisi3
 .text.libgcc.mul
                0x00001c50       0x10 c:/program files (x86)/atmel/atmel toolchain/avr8 gcc/native/3.4.2.1002/avr8-gnu-toolchain/bin/../lib/gcc/avr/4.7.2/avr6\libgcc.a(_mulshisi3.o)
                0x00001c50                __mulshisi3
                0x00001c56                __mulohisi3
                0x00001c60                . = ALIGN (0x2)
 *(.fini9)
 .fini9         0x00001c60        0x0 c:/program files (x86)/atmel/atmel toolchain/avr8 gcc/native/3.4.2.1002/avr8-gnu-toolchain/bin/../lib/gcc/avr/4.7.2/avr6\libgcc.a(_exit.o)
                0x00001c60                _exit
                0x00001c60                exit
 *(.fini9)
 *(.fini8)
 *(.fini8)
 *(.fini7)
 *(.fini7)
 *(.fini6)
 *(.fini6)
 *(.fini5)
 *(.fini5)
 *(.fini4)
 *(.fini4)
 *(.fini3)
 *(.fini3)
 *(.fini2)
 *(.fini2)
 *(.fini1)
 *(.fini1)
 *(.fini0)
 .fini0         0x00001c60        0x4 c:/program files (x86)/atmel/atmel toolchain/avr8 gcc/native/3.4.2.1002/avr8-gnu-toolchain/bin/../lib/gcc/avr/4.7.2/avr6\libgcc.a(_exit.o)
 *(.fini0)
                0x00001c64                _etext = .

.data           0x00800200        0x4 load address 0x00001c64
                0x00800200                PROVIDE (__data_start, .)
 *(.data)
 .data          0x00800200        0x0 c:/program files (x86)/atmel/atmel toolchain/avr8 gcc/native/3.4.2.1002/avr8-gnu-toolchain/bin/../lib/gcc/avr/4.7.2/../../../../avr/lib/avr6/crtm256rfr2.o
 .data          0x00800200        0x0 stack/hal/atmega256rfr2/src/hal.o
 .data          0x00800200        0x0 stack/hal/atmega256rfr2/src/halTimer.o
 .data          0x00800200        0x0 stack/phy/atmega256rfr2/src/phy.o
 .data          0x00800200        0x0 stack/nwk/src/nwk.o
 .data          0x00800200        0x0 stack/nwk/src/nwkDataReq.o
 .data          0x00800200        0x0 stack/nwk/src/nwkSecurity.o
 .data          0x00800200        0x0 stack/nwk/src/nwkFrame.o
 .data          0x00800200        0x0 stack/nwk/src/nwkGroup.o
 .data          0x00800200        0x0 stack/nwk/src/nwkRoute.o
 .data          0x00800200        0x0 stack/nwk/src/nwkRouteDiscovery.o
 .data          0x00800200        0x0 stack/nwk/src/nwkRx.o
 .data          0x00800200        0x0 stack/nwk/src/nwkTx.o
 .data          0x00800200        0x0 stack/sys/src/sys.o
 .data          0x00800200        0x0 stack/sys/src/sysTimer.o
 .data          0x00800200        0x0 stack/sys/src/sysEncrypt.o
 .data          0x00800200        0x0 stack/hal/drivers/atmega256rfr2/halUart.o
 .data          0x00800200        0x0 Peer2Peer.o
 .data          0x00800200        0x0 c:/program files (x86)/atmel/atmel toolchain/avr8 gcc/native/3.4.2.1002/avr8-gnu-toolchain/bin/../lib/gcc/avr/4.7.2/avr6\libgcc.a(_udivmodsi4.o)
 .data          0x00800200        0x0 c:/program files (x86)/atmel/atmel toolchain/avr8 gcc/native/3.4.2.1002/avr8-gnu-toolchain/bin/../lib/gcc/avr/4.7.2/avr6\libgcc.a(_exit.o)
 .data          0x00800200        0x0 c:/program files (x86)/atmel/atmel toolchain/avr8 gcc/native/3.4.2.1002/avr8-gnu-toolchain/bin/../lib/gcc/avr/4.7.2/avr6\libgcc.a(_copy_data.o)
 .data          0x00800200        0x0 c:/program files (x86)/atmel/atmel toolchain/avr8 gcc/native/3.4.2.1002/avr8-gnu-toolchain/bin/../lib/gcc/avr/4.7.2/avr6\libgcc.a(_clear_bss.o)
 .data          0x00800200        0x0 c:/program files (x86)/atmel/atmel toolchain/avr8 gcc/native/3.4.2.1002/avr8-gnu-toolchain/bin/../lib/gcc/avr/4.7.2/avr6\libgcc.a(_umulhisi3.o)
 .data          0x00800200        0x4 c:/program files (x86)/atmel/atmel toolchain/avr8 gcc/native/3.4.2.1002/avr8-gnu-toolchain/bin/../lib/gcc/avr/4.7.2/../../../../avr/lib/avr6\libc.a(rand.o)
 .data          0x00800204        0x0 c:/program files (x86)/atmel/atmel toolchain/avr8 gcc/native/3.4.2.1002/avr8-gnu-toolchain/bin/../lib/gcc/avr/4.7.2/../../../../avr/lib/avr6\libc.a(memcpy.o)
 .data          0x00800204        0x0 c:/program files (x86)/atmel/atmel toolchain/avr8 gcc/native/3.4.2.1002/avr8-gnu-toolchain/bin/../lib/gcc/avr/4.7.2/avr6\libgcc.a(_divmodsi4.o)
 .data          0x00800204        0x0 c:/program files (x86)/atmel/atmel toolchain/avr8 gcc/native/3.4.2.1002/avr8-gnu-toolchain/bin/../lib/gcc/avr/4.7.2/avr6\libgcc.a(_muluhisi3.o)
 .data          0x00800204        0x0 c:/program files (x86)/atmel/atmel toolchain/avr8 gcc/native/3.4.2.1002/avr8-gnu-toolchain/bin/../lib/gcc/avr/4.7.2/avr6\libgcc.a(_mulshisi3.o)
 *(.data*)
 *(.rodata)
 *(.rodata*)
 *(.gnu.linkonce.d*)
                0x00800204                . = ALIGN (0x2)
                0x00800204                _edata = .
                0x00800204                PROVIDE (__data_end, .)

.bss            0x00800204      0x81c
                0x00800204                PROVIDE (__bss_start, .)
 *(.bss)
 *(.bss*)
 .bss.halTimerDelayInt
                0x00800204        0x1 stack/hal/atmega256rfr2/src/halTimer.o
 .bss.phyRxSize
                0x00800205        0x1 stack/phy/atmega256rfr2/src/phy.o
 .bss.phyRxRssi
                0x00800206        0x1 stack/phy/atmega256rfr2/src/phy.o
 .bss.phyTxStatus
                0x00800207        0x1 stack/phy/atmega256rfr2/src/phy.o
 .bss.phyState  0x00800208        0x1 stack/phy/atmega256rfr2/src/phy.o
 .bss.phyIb     0x00800209        0x9 stack/phy/atmega256rfr2/src/phy.o
 .bss.phyRxBuffer
                0x00800212       0x80 stack/phy/atmega256rfr2/src/phy.o
 .bss.nwkDataReqQueue
                0x00800292        0x2 stack/nwk/src/nwkDataReq.o
 .bss.nwkFrameFrames
                0x00800294      0x19b stack/nwk/src/nwkFrame.o
 .bss.nwkRouteTable
                0x0080042f      0x2bc stack/nwk/src/nwkRoute.o
 .bss.nwkRxDuplicateRejectionTable
                0x008006eb       0x32 stack/nwk/src/nwkRx.o
 .bss.nwkRxDuplicateRejectionTimer
                0x0080071d        0xd stack/nwk/src/nwkRx.o
 .bss.nwkRxAckControl
                0x0080072a        0x1 stack/nwk/src/nwkRx.o
 .bss.nwkTxPhyActiveFrame
                0x0080072b        0x2 stack/nwk/src/nwkTx.o
 .bss.nwkTxAckWaitTimer
                0x0080072d        0xd stack/nwk/src/nwkTx.o
 .bss.nwkTxDelayTimer
                0x0080073a        0xd stack/nwk/src/nwkTx.o
 .bss.timers    0x00800747        0x2 stack/sys/src/sysTimer.o
 .bss.newData   0x00800749        0x1 stack/hal/drivers/atmega256rfr2/halUart.o
 .bss.udrEmpty  0x0080074a        0x1 stack/hal/drivers/atmega256rfr2/halUart.o
 .bss.rxFifo    0x0080074b        0xa stack/hal/drivers/atmega256rfr2/halUart.o
 .bss.txFifo    0x00800755        0xa stack/hal/drivers/atmega256rfr2/halUart.o
 .bss.txData    0x0080075f       0xc9 stack/hal/drivers/atmega256rfr2/halUart.o
 .bss.rxData    0x00800828       0xc9 stack/hal/drivers/atmega256rfr2/halUart.o
 .bss.appUartBufferPtr
                0x008008f1        0x1 Peer2Peer.o
 .bss.appUartBuffer
                0x008008f2       0x6d Peer2Peer.o
 .bss.appTimer  0x0080095f        0xd Peer2Peer.o
 .bss.appDataReqBusy
                0x0080096c        0x1 Peer2Peer.o
 .bss.appDataReqBuffer
                0x0080096d       0x6d Peer2Peer.o
 .bss.appDataReq
                0x008009da       0x11 Peer2Peer.o
 .bss.appState  0x008009eb        0x1 Peer2Peer.o
 .bss.hrtbtTimer
                0x008009ec        0xd Peer2Peer.o
 *(COMMON)
 COMMON         0x008009f9        0x1 stack/hal/atmega256rfr2/src/halTimer.o
                0x008009f9                halTimerIrqCount
 COMMON         0x008009fa       0x26 stack/nwk/src/nwk.o
                0x008009fa                nwkIb
                0x00800a20                PROVIDE (__bss_end, .)
                0x00001c64                __data_load_start = LOADADDR (.data)
                0x00001c68                __data_load_end = (__data_load_start + SIZEOF (.data))

.noinit         0x00800a20        0x0
                0x00800a20                PROVIDE (__noinit_start, .)
 *(.noinit*)
                0x00800a20                PROVIDE (__noinit_end, .)
                0x00800a20                _end = .
                0x00800a20                PROVIDE (__heap_start, .)

.eeprom         0x00810000        0x0
 *(.eeprom*)
                0x00810000                __eeprom_end = .

.fuse
 *(.fuse)
 *(.lfuse)
 *(.hfuse)
 *(.efuse)

.lock
 *(.lock*)

.signature
 *(.signature*)

.user_signatures
 *(.user_signatures*)

.stab           0x00000000      0x768
 *(.stab)
 .stab          0x00000000      0x6e4 c:/program files (x86)/atmel/atmel toolchain/avr8 gcc/native/3.4.2.1002/avr8-gnu-toolchain/bin/../lib/gcc/avr/4.7.2/../../../../avr/lib/avr6/crtm256rfr2.o
 .stab          0x000006e4       0x84 c:/program files (x86)/atmel/atmel toolchain/avr8 gcc/native/3.4.2.1002/avr8-gnu-toolchain/bin/../lib/gcc/avr/4.7.2/../../../../avr/lib/avr6\libc.a(memcpy.o)
                                 0x90 (size before relaxing)

.stabstr        0x00000000      0x10b
 *(.stabstr)
 .stabstr       0x00000000      0x10b c:/program files (x86)/atmel/atmel toolchain/avr8 gcc/native/3.4.2.1002/avr8-gnu-toolchain/bin/../lib/gcc/avr/4.7.2/../../../../avr/lib/avr6/crtm256rfr2.o

.stab.excl
 *(.stab.excl)

.stab.exclstr
 *(.stab.exclstr)

.stab.index
 *(.stab.index)

.stab.indexstr
 *(.stab.indexstr)

.comment        0x00000000       0x2f
 *(.comment)
 .comment       0x00000000       0x2f stack/hal/atmega256rfr2/src/hal.o
                                 0x30 (size before relaxing)
 .comment       0x00000000       0x30 stack/hal/atmega256rfr2/src/halTimer.o
 .comment       0x00000000       0x30 stack/phy/atmega256rfr2/src/phy.o
 .comment       0x00000000       0x30 stack/nwk/src/nwk.o
 .comment       0x00000000       0x30 stack/nwk/src/nwkDataReq.o
 .comment       0x00000000       0x30 stack/nwk/src/nwkSecurity.o
 .comment       0x00000000       0x30 stack/nwk/src/nwkFrame.o
 .comment       0x00000000       0x30 stack/nwk/src/nwkGroup.o
 .comment       0x00000000       0x30 stack/nwk/src/nwkRoute.o
 .comment       0x00000000       0x30 stack/nwk/src/nwkRouteDiscovery.o
 .comment       0x00000000       0x30 stack/nwk/src/nwkRx.o
 .comment       0x00000000       0x30 stack/nwk/src/nwkTx.o
 .comment       0x00000000       0x30 stack/sys/src/sys.o
 .comment       0x00000000       0x30 stack/sys/src/sysTimer.o
 .comment       0x00000000       0x30 stack/sys/src/sysEncrypt.o
 .comment       0x00000000       0x30 stack/hal/drivers/atmega256rfr2/halUart.o
 .comment       0x00000000       0x30 Peer2Peer.o
 .comment       0x00000000       0x30 c:/program files (x86)/atmel/atmel toolchain/avr8 gcc/native/3.4.2.1002/avr8-gnu-toolchain/bin/../lib/gcc/avr/4.7.2/../../../../avr/lib/avr6\libc.a(rand.o)

.debug
 *(.debug)

.line
 *(.line)

.debug_srcinfo
 *(.debug_srcinfo)

.debug_sfnames
 *(.debug_sfnames)

.debug_aranges  0x00000000      0x498
 *(.debug_aranges)
 .debug_aranges
                0x00000000       0x28 stack/hal/atmega256rfr2/src/hal.o
 .debug_aranges
                0x00000028       0x38 stack/hal/atmega256rfr2/src/halTimer.o
 .debug_aranges
                0x00000060       0x98 stack/phy/atmega256rfr2/src/phy.o
 .debug_aranges
                0x000000f8       0x60 stack/nwk/src/nwk.o
 .debug_aranges
                0x00000158       0x38 stack/nwk/src/nwkDataReq.o
 .debug_aranges
                0x00000190       0x18 stack/nwk/src/nwkSecurity.o
 .debug_aranges
                0x000001a8       0x40 stack/nwk/src/nwkFrame.o
 .debug_aranges
                0x000001e8       0x18 stack/nwk/src/nwkGroup.o
 .debug_aranges
                0x00000200       0x80 stack/nwk/src/nwkRoute.o
 .debug_aranges
                0x00000280       0x18 stack/nwk/src/nwkRouteDiscovery.o
 .debug_aranges
                0x00000298       0x48 stack/nwk/src/nwkRx.o
 .debug_aranges
                0x000002e0       0x60 stack/nwk/src/nwkTx.o
 .debug_aranges
                0x00000340       0x28 stack/sys/src/sys.o
 .debug_aranges
                0x00000368       0x48 stack/sys/src/sysTimer.o
 .debug_aranges
                0x000003b0       0x18 stack/sys/src/sysEncrypt.o
 .debug_aranges
                0x000003c8       0x48 stack/hal/drivers/atmega256rfr2/halUart.o
 .debug_aranges
                0x00000410       0x50 Peer2Peer.o
 .debug_aranges
                0x00000460       0x38 c:/program files (x86)/atmel/atmel toolchain/avr8 gcc/native/3.4.2.1002/avr8-gnu-toolchain/bin/../lib/gcc/avr/4.7.2/../../../../avr/lib/avr6\libc.a(rand.o)

.debug_pubnames
 *(.debug_pubnames)

.debug_info     0x00000000     0x5433
 *(.debug_info)
 .debug_info    0x00000000      0x11e stack/hal/atmega256rfr2/src/hal.o
 .debug_info    0x0000011e      0x10f stack/hal/atmega256rfr2/src/halTimer.o
 .debug_info    0x0000022d      0x903 stack/phy/atmega256rfr2/src/phy.o
 .debug_info    0x00000b30      0x71e stack/nwk/src/nwk.o
 .debug_info    0x0000124e      0x76b stack/nwk/src/nwkDataReq.o
 .debug_info    0x000019b9       0x68 stack/nwk/src/nwkSecurity.o
 .debug_info    0x00001a21      0x566 stack/nwk/src/nwkFrame.o
 .debug_info    0x00001f87       0x5a stack/nwk/src/nwkGroup.o
 .debug_info    0x00001fe1      0xb55 stack/nwk/src/nwkRoute.o
 .debug_info    0x00002b36       0x68 stack/nwk/src/nwkRouteDiscovery.o
 .debug_info    0x00002b9e      0xc71 stack/nwk/src/nwkRx.o
 .debug_info    0x0000380f      0xa37 stack/nwk/src/nwkTx.o
 .debug_info    0x00004246      0x131 stack/sys/src/sys.o
 .debug_info    0x00004377      0x38f stack/sys/src/sysTimer.o
 .debug_info    0x00004706       0x5a stack/sys/src/sysEncrypt.o
 .debug_info    0x00004760      0x323 stack/hal/drivers/atmega256rfr2/halUart.o
 .debug_info    0x00004a83      0x857 Peer2Peer.o
 .debug_info    0x000052da      0x159 c:/program files (x86)/atmel/atmel toolchain/avr8 gcc/native/3.4.2.1002/avr8-gnu-toolchain/bin/../lib/gcc/avr/4.7.2/../../../../avr/lib/avr6\libc.a(rand.o)
 *(.gnu.linkonce.wi.*)

.debug_abbrev   0x00000000     0x1d1e
 *(.debug_abbrev)
 .debug_abbrev  0x00000000       0xba stack/hal/atmega256rfr2/src/hal.o
 .debug_abbrev  0x000000ba       0xbc stack/hal/atmega256rfr2/src/halTimer.o
 .debug_abbrev  0x00000176      0x2b7 stack/phy/atmega256rfr2/src/phy.o
 .debug_abbrev  0x0000042d      0x244 stack/nwk/src/nwk.o
 .debug_abbrev  0x00000671      0x2a1 stack/nwk/src/nwkDataReq.o
 .debug_abbrev  0x00000912       0x29 stack/nwk/src/nwkSecurity.o
 .debug_abbrev  0x0000093b      0x193 stack/nwk/src/nwkFrame.o
 .debug_abbrev  0x00000ace       0x29 stack/nwk/src/nwkGroup.o
 .debug_abbrev  0x00000af7      0x384 stack/nwk/src/nwkRoute.o
 .debug_abbrev  0x00000e7b       0x29 stack/nwk/src/nwkRouteDiscovery.o
 .debug_abbrev  0x00000ea4      0x3e5 stack/nwk/src/nwkRx.o
 .debug_abbrev  0x00001289      0x33e stack/nwk/src/nwkTx.o
 .debug_abbrev  0x000015c7       0x73 stack/sys/src/sys.o
 .debug_abbrev  0x0000163a      0x1f0 stack/sys/src/sysTimer.o
 .debug_abbrev  0x0000182a       0x29 stack/sys/src/sysEncrypt.o
 .debug_abbrev  0x00001853      0x167 stack/hal/drivers/atmega256rfr2/halUart.o
 .debug_abbrev  0x000019ba      0x28b Peer2Peer.o
 .debug_abbrev  0x00001c45       0xd9 c:/program files (x86)/atmel/atmel toolchain/avr8 gcc/native/3.4.2.1002/avr8-gnu-toolchain/bin/../lib/gcc/avr/4.7.2/../../../../avr/lib/avr6\libc.a(rand.o)

.debug_line     0x00000000     0x44e8
 *(.debug_line)
 .debug_line    0x00000000      0x32d stack/hal/atmega256rfr2/src/hal.o
 .debug_line    0x0000032d      0x356 stack/hal/atmega256rfr2/src/halTimer.o
 .debug_line    0x00000683      0x4f8 stack/phy/atmega256rfr2/src/phy.o
 .debug_line    0x00000b7b      0x486 stack/nwk/src/nwk.o
 .debug_line    0x00001001      0x408 stack/nwk/src/nwkDataReq.o
 .debug_line    0x00001409      0x386 stack/nwk/src/nwkSecurity.o
 .debug_line    0x0000178f      0x3d3 stack/nwk/src/nwkFrame.o
 .debug_line    0x00001b62      0x1c2 stack/nwk/src/nwkGroup.o
 .debug_line    0x00001d24      0x521 stack/nwk/src/nwkRoute.o
 .debug_line    0x00002245      0x3a5 stack/nwk/src/nwkRouteDiscovery.o
 .debug_line    0x000025ea      0x536 stack/nwk/src/nwkRx.o
 .debug_line    0x00002b20      0x52b stack/nwk/src/nwkTx.o
 .debug_line    0x0000304b      0x3fe stack/sys/src/sys.o
 .debug_line    0x00003449      0x3d9 stack/sys/src/sysTimer.o
 .debug_line    0x00003822      0x339 stack/sys/src/sysEncrypt.o
 .debug_line    0x00003b5b      0x3d7 stack/hal/drivers/atmega256rfr2/halUart.o
 .debug_line    0x00003f32      0x515 Peer2Peer.o
 .debug_line    0x00004447       0xa1 c:/program files (x86)/atmel/atmel toolchain/avr8 gcc/native/3.4.2.1002/avr8-gnu-toolchain/bin/../lib/gcc/avr/4.7.2/../../../../avr/lib/avr6\libc.a(rand.o)

.debug_frame    0x00000000      0x9fc
 *(.debug_frame)
 .debug_frame   0x00000000       0x34 stack/hal/atmega256rfr2/src/hal.o
 .debug_frame   0x00000034       0x74 stack/hal/atmega256rfr2/src/halTimer.o
 .debug_frame   0x000000a8      0x164 stack/phy/atmega256rfr2/src/phy.o
 .debug_frame   0x0000020c       0xb4 stack/nwk/src/nwk.o
 .debug_frame   0x000002c0       0x68 stack/nwk/src/nwkDataReq.o
 .debug_frame   0x00000328       0x64 stack/nwk/src/nwkFrame.o
 .debug_frame   0x0000038c      0x16c stack/nwk/src/nwkRoute.o
 .debug_frame   0x000004f8       0xcc stack/nwk/src/nwkRx.o
 .debug_frame   0x000005c4      0x138 stack/nwk/src/nwkTx.o
 .debug_frame   0x000006fc       0x34 stack/sys/src/sys.o
 .debug_frame   0x00000730       0xc0 stack/sys/src/sysTimer.o
 .debug_frame   0x000007f0       0xc0 stack/hal/drivers/atmega256rfr2/halUart.o
 .debug_frame   0x000008b0       0xc4 Peer2Peer.o
 .debug_frame   0x00000974       0x88 c:/program files (x86)/atmel/atmel toolchain/avr8 gcc/native/3.4.2.1002/avr8-gnu-toolchain/bin/../lib/gcc/avr/4.7.2/../../../../avr/lib/avr6\libc.a(rand.o)

.debug_str      0x00000000    0x10258
 *(.debug_str)
 .debug_str     0x00000000     0xce42 stack/hal/atmega256rfr2/src/hal.o
                               0xcef7 (size before relaxing)
 .debug_str     0x0000ce42       0x79 stack/hal/atmega256rfr2/src/halTimer.o
                               0xcf13 (size before relaxing)
 .debug_str     0x0000cebb     0x17d8 stack/phy/atmega256rfr2/src/phy.o
                               0xe647 (size before relaxing)
 .debug_str     0x0000e693      0x75b stack/nwk/src/nwk.o
                               0xe4bb (size before relaxing)
 .debug_str     0x0000edee      0x26d stack/nwk/src/nwkDataReq.o
                               0xd6f8 (size before relaxing)
 .debug_str     0x0000f05b       0x33 stack/nwk/src/nwkSecurity.o
                               0xd30b (size before relaxing)
 .debug_str     0x0000f08e       0x57 stack/nwk/src/nwkFrame.o
                               0xd58b (size before relaxing)
 .debug_str     0x0000f0e5       0x1f stack/nwk/src/nwkGroup.o
                               0x27ff (size before relaxing)
 .debug_str     0x0000f104      0x240 stack/nwk/src/nwkRoute.o
                               0xd67f (size before relaxing)
 .debug_str     0x0000f344       0x37 stack/nwk/src/nwkRouteDiscovery.o
                               0xd1bb (size before relaxing)
 .debug_str     0x0000f37b      0x3be stack/nwk/src/nwkRx.o
                               0xe899 (size before relaxing)
 .debug_str     0x0000f739      0x24e stack/nwk/src/nwkTx.o
                               0xe819 (size before relaxing)
 .debug_str     0x0000f987       0x5f stack/sys/src/sys.o
                               0xe159 (size before relaxing)
 .debug_str     0x0000f9e6       0x61 stack/sys/src/sysTimer.o
                               0xd235 (size before relaxing)
 .debug_str     0x0000fa47       0x21 stack/sys/src/sysEncrypt.o
                               0xde8a (size before relaxing)
 .debug_str     0x0000fa68      0x198 stack/hal/drivers/atmega256rfr2/halUart.o
                               0xd26b (size before relaxing)
 .debug_str     0x0000fc00      0x5dc Peer2Peer.o
                               0xedb6 (size before relaxing)
 .debug_str     0x000101dc       0x7c c:/program files (x86)/atmel/atmel toolchain/avr8 gcc/native/3.4.2.1002/avr8-gnu-toolchain/bin/../lib/gcc/avr/4.7.2/../../../../avr/lib/avr6\libc.a(rand.o)
                                 0xba (size before relaxing)

.debug_loc      0x00000000     0x22fb
 *(.debug_loc)
 .debug_loc     0x00000000       0x21 stack/hal/atmega256rfr2/src/hal.o
 .debug_loc     0x00000021       0x9e stack/hal/atmega256rfr2/src/halTimer.o
 .debug_loc     0x000000bf      0x19b stack/phy/atmega256rfr2/src/phy.o
 .debug_loc     0x0000025a      0x140 stack/nwk/src/nwk.o
 .debug_loc     0x0000039a      0x187 stack/nwk/src/nwkDataReq.o
 .debug_loc     0x00000521       0xd0 stack/nwk/src/nwkFrame.o
 .debug_loc     0x000005f1      0x7de stack/nwk/src/nwkRoute.o
 .debug_loc     0x00000dcf      0x4d2 stack/nwk/src/nwkRx.o
 .debug_loc     0x000012a1      0x6e6 stack/nwk/src/nwkTx.o
 .debug_loc     0x00001987      0x3ba stack/sys/src/sysTimer.o
 .debug_loc     0x00001d41      0x1e9 stack/hal/drivers/atmega256rfr2/halUart.o
 .debug_loc     0x00001f2a      0x1e9 Peer2Peer.o
 .debug_loc     0x00002113      0x1e8 c:/program files (x86)/atmel/atmel toolchain/avr8 gcc/native/3.4.2.1002/avr8-gnu-toolchain/bin/../lib/gcc/avr/4.7.2/../../../../avr/lib/avr6\libc.a(rand.o)

.debug_macinfo
 *(.debug_macinfo)

.debug_pubtypes
 *(.debug_pubtypes)

.debug_ranges   0x00000000      0x548
 *(.debug_ranges)
 .debug_ranges  0x00000000       0x18 stack/hal/atmega256rfr2/src/hal.o
 .debug_ranges  0x00000018       0x28 stack/hal/atmega256rfr2/src/halTimer.o
 .debug_ranges  0x00000040       0xb8 stack/phy/atmega256rfr2/src/phy.o
 .debug_ranges  0x000000f8       0x50 stack/nwk/src/nwk.o
 .debug_ranges  0x00000148       0x98 stack/nwk/src/nwkDataReq.o
 .debug_ranges  0x000001e0       0x30 stack/nwk/src/nwkFrame.o
 .debug_ranges  0x00000210       0x70 stack/nwk/src/nwkRoute.o
 .debug_ranges  0x00000280      0x140 stack/nwk/src/nwkRx.o
 .debug_ranges  0x000003c0       0x68 stack/nwk/src/nwkTx.o
 .debug_ranges  0x00000428       0x18 stack/sys/src/sys.o
 .debug_ranges  0x00000440       0x38 stack/sys/src/sysTimer.o
 .debug_ranges  0x00000478       0x38 stack/hal/drivers/atmega256rfr2/halUart.o
 .debug_ranges  0x000004b0       0x70 Peer2Peer.o
 .debug_ranges  0x00000520       0x28 c:/program files (x86)/atmel/atmel toolchain/avr8 gcc/native/3.4.2.1002/avr8-gnu-toolchain/bin/../lib/gcc/avr/4.7.2/../../../../avr/lib/avr6\libc.a(rand.o)

.debug_macro    0x00000000     0x6b31
 *(.debug_macro)
 .debug_macro   0x00000000       0xdb stack/hal/atmega256rfr2/src/hal.o
 .debug_macro   0x000000db      0x5ec stack/hal/atmega256rfr2/src/hal.o
 .debug_macro   0x000006c7      0x1ad stack/hal/atmega256rfr2/src/hal.o
 .debug_macro   0x00000874       0x10 stack/hal/atmega256rfr2/src/hal.o
 .debug_macro   0x00000884      0x299 stack/hal/atmega256rfr2/src/hal.o
 .debug_macro   0x00000b1d       0x9e stack/hal/atmega256rfr2/src/hal.o
 .debug_macro   0x00000bbb     0x3562 stack/hal/atmega256rfr2/src/hal.o
 .debug_macro   0x0000411d      0x219 stack/hal/atmega256rfr2/src/hal.o
 .debug_macro   0x00004336       0xd9 stack/hal/atmega256rfr2/src/hal.o
 .debug_macro   0x0000440f       0x34 stack/hal/atmega256rfr2/src/hal.o
 .debug_macro   0x00004443       0x18 stack/hal/atmega256rfr2/src/hal.o
 .debug_macro   0x0000445b       0x6c stack/hal/atmega256rfr2/src/hal.o
 .debug_macro   0x000044c7       0x76 stack/hal/atmega256rfr2/src/hal.o
 .debug_macro   0x0000453d       0x69 stack/hal/atmega256rfr2/src/hal.o
 .debug_macro   0x000045a6       0x10 stack/hal/atmega256rfr2/src/hal.o
 .debug_macro   0x000045b6       0x89 stack/hal/atmega256rfr2/src/hal.o
 .debug_macro   0x0000463f      0x16c stack/hal/atmega256rfr2/src/hal.o
 .debug_macro   0x000047ab       0x28 stack/hal/atmega256rfr2/src/hal.o
 .debug_macro   0x000047d3       0x10 stack/hal/atmega256rfr2/src/hal.o
 .debug_macro   0x000047e3       0x10 stack/hal/atmega256rfr2/src/hal.o
 .debug_macro   0x000047f3       0xe1 stack/hal/atmega256rfr2/src/halTimer.o
 .debug_macro   0x000048d4      0x11b stack/phy/atmega256rfr2/src/phy.o
 .debug_macro   0x000049ef      0x247 stack/phy/atmega256rfr2/src/phy.o
 .debug_macro   0x00004c36       0x22 stack/phy/atmega256rfr2/src/phy.o
 .debug_macro   0x00004c58       0x70 stack/phy/atmega256rfr2/src/phy.o
 .debug_macro   0x00004cc8       0x16 stack/phy/atmega256rfr2/src/phy.o
 .debug_macro   0x00004cde       0x16 stack/phy/atmega256rfr2/src/phy.o
 .debug_macro   0x00004cf4      0x197 stack/nwk/src/nwk.o
 .debug_macro   0x00004e8b       0x1c stack/nwk/src/nwk.o
 .debug_macro   0x00004ea7      0x10e stack/nwk/src/nwk.o
 .debug_macro   0x00004fb5       0x51 stack/nwk/src/nwk.o
 .debug_macro   0x00005006       0x16 stack/nwk/src/nwk.o
 .debug_macro   0x0000501c       0x20 stack/nwk/src/nwk.o
 .debug_macro   0x0000503c       0x10 stack/nwk/src/nwk.o
 .debug_macro   0x0000504c       0x12 stack/nwk/src/nwk.o
 .debug_macro   0x0000505e      0x160 stack/nwk/src/nwk.o
 .debug_macro   0x000051be      0x241 stack/nwk/src/nwk.o
 .debug_macro   0x000053ff       0x10 stack/nwk/src/nwk.o
 .debug_macro   0x0000540f       0x16 stack/nwk/src/nwk.o
 .debug_macro   0x00005425       0x1c stack/nwk/src/nwk.o
 .debug_macro   0x00005441      0x16d stack/nwk/src/nwkDataReq.o
 .debug_macro   0x000055ae       0x10 stack/nwk/src/nwkDataReq.o
 .debug_macro   0x000055be      0x173 stack/nwk/src/nwkSecurity.o
 .debug_macro   0x00005731      0x15b stack/nwk/src/nwkFrame.o
 .debug_macro   0x0000588c       0x74 stack/nwk/src/nwkGroup.o
 .debug_macro   0x00005900      0x179 stack/nwk/src/nwkRoute.o
 .debug_macro   0x00005a79      0x177 stack/nwk/src/nwkRouteDiscovery.o
 .debug_macro   0x00005bf0      0x1c3 stack/nwk/src/nwkRx.o
 .debug_macro   0x00005db3      0x1b1 stack/nwk/src/nwkTx.o
 .debug_macro   0x00005f64      0x171 stack/sys/src/sys.o
 .debug_macro   0x000060d5      0x105 stack/sys/src/sysTimer.o
 .debug_macro   0x000061da      0x118 stack/sys/src/sysEncrypt.o
 .debug_macro   0x000062f2       0x97 stack/sys/src/sysEncrypt.o
 .debug_macro   0x00006389       0x16 stack/sys/src/sysEncrypt.o
 .debug_macro   0x0000639f      0x12d stack/hal/drivers/atmega256rfr2/halUart.o
 .debug_macro   0x000064cc      0x1d5 Peer2Peer.o
 .debug_macro   0x000066a1      0x293 Peer2Peer.o
 .debug_macro   0x00006934       0x58 Peer2Peer.o
 .debug_macro   0x0000698c       0x10 Peer2Peer.o
 .debug_macro   0x0000699c       0xeb Peer2Peer.o
 .debug_macro   0x00006a87       0xaa Peer2Peer.o
OUTPUT(Peer2Peer.elf elf32-avr)
LOAD linker stubs
